SQL> SELECT DNAME,LOC
  2  FROM DEPT;

DNAME          LOC                                                                                                                                                                                      
-------------- -------------                                                                                                                                                                            
ACCOUNTING     NEW YORK                                                                                                                                                                                 
RESEARCH       DALLAS                                                                                                                                                                                   
SALES          CHICAGO                                                                                                                                                                                  
OPERATIONS     BOSTON                                                                                                                                                                                   

SQL> SELECT *
  2  FROM BONUS;

no rows selected

SQL> SELECT [DISTINCT] JOB
  2  FROM DEPT;
SELECT [DISTINCT] JOB
       *
ERROR at line 1:
ORA-00936: missing expression 


SQL> SELECT [distinct]job
  2  FROM DEPT;
SELECT [distinct]job
       *
ERROR at line 1:
ORA-00936: missing expression 


SQL> SELECT [DICTINCT]JOB
  2  FROM EMP;
SELECT [DICTINCT]JOB
       *
ERROR at line 1:
ORA-00936: missing expression 


SQL> SELECT JOB
  2  FROM EMP;

JOB                                                                                                                                                                                                     
---------                                                                                                                                                                                               
CLERK                                                                                                                                                                                                   
SALESMAN                                                                                                                                                                                                
SALESMAN                                                                                                                                                                                                
MANAGER                                                                                                                                                                                                 
SALESMAN                                                                                                                                                                                                
MANAGER                                                                                                                                                                                                 
MANAGER                                                                                                                                                                                                 
ANALYST                                                                                                                                                                                                 
PRESIDENT                                                                                                                                                                                               
SALESMAN                                                                                                                                                                                                
CLERK                                                                                                                                                                                                   
CLERK                                                                                                                                                                                                   
ANALYST                                                                                                                                                                                                 
CLERK                                                                                                                                                                                                   

14 rows selected.

SQL> SELECT DISTINCT JOB
  2  FROM EMP;

JOB                                                                                                                                                                                                     
---------                                                                                                                                                                                               
CLERK                                                                                                                                                                                                   
SALESMAN                                                                                                                                                                                                
PRESIDENT                                                                                                                                                                                               
MANAGER                                                                                                                                                                                                 
ANALYST                                                                                                                                                                                                 

SQL> SELECT DISTINCT SAL
  2  FROM EMP;

       SAL                                                                                                                                                                                              
----------                                                                                                                                                                                              
      2450                                                                                                                                                                                              
      5000                                                                                                                                                                                              
      1300                                                                                                                                                                                              
      1250                                                                                                                                                                                              
      2850                                                                                                                                                                                              
      2975                                                                                                                                                                                              
      1100                                                                                                                                                                                              
      3000                                                                                                                                                                                              
       800                                                                                                                                                                                              
      1600                                                                                                                                                                                              
      1500                                                                                                                                                                                              
       950                                                                                                                                                                                              

12 rows selected.

SQL> SELECT DISCTINCT JOB, DISTINCT SAL
  2  FROM EMP;
SELECT DISCTINCT JOB, DISTINCT SAL
                      *
ERROR at line 1:
ORA-00936: missing expression 


SQL> SELECT DISTINCT JOB,SAL
  2  FROM EMP;

JOB              SAL                                                                                                                                                                                    
--------- ----------                                                                                                                                                                                    
CLERK           1300                                                                                                                                                                                    
SALESMAN        1600                                                                                                                                                                                    
SALESMAN        1250                                                                                                                                                                                    
CLERK            950                                                                                                                                                                                    
CLERK            800                                                                                                                                                                                    
MANAGER         2450                                                                                                                                                                                    
PRESIDENT       5000                                                                                                                                                                                    
ANALYST         3000                                                                                                                                                                                    
MANAGER         2850                                                                                                                                                                                    
MANAGER         2975                                                                                                                                                                                    
SALESMAN        1500                                                                                                                                                                                    
CLERK           1100                                                                                                                                                                                    

12 rows selected.

SQL> SELECT SAL*12
  2  FROM EMP;

    SAL*12                                                                                                                                                                                              
----------                                                                                                                                                                                              
      9600                                                                                                                                                                                              
     19200                                                                                                                                                                                              
     15000                                                                                                                                                                                              
     35700                                                                                                                                                                                              
     15000                                                                                                                                                                                              
     34200                                                                                                                                                                                              
     29400                                                                                                                                                                                              
     36000                                                                                                                                                                                              
     60000                                                                                                                                                                                              
     18000                                                                                                                                                                                              
     13200                                                                                                                                                                                              
     11400                                                                                                                                                                                              
     36000                                                                                                                                                                                              
     15600                                                                                                                                                                                              

14 rows selected.

SQL> SELECT SAL=200
  2  ;
SELECT SAL=200
          *
ERROR at line 1:
ORA-00923: FROM keyword not found where expected 


SQL> SELECT SAL+200
  2  FROM EMP;

   SAL+200                                                                                                                                                                                              
----------                                                                                                                                                                                              
      1000                                                                                                                                                                                              
      1800                                                                                                                                                                                              
      1450                                                                                                                                                                                              
      3175                                                                                                                                                                                              
      1450                                                                                                                                                                                              
      3050                                                                                                                                                                                              
      2650                                                                                                                                                                                              
      3200                                                                                                                                                                                              
      5200                                                                                                                                                                                              
      1700                                                                                                                                                                                              
      1300                                                                                                                                                                                              
      1150                                                                                                                                                                                              
      3200                                                                                                                                                                                              
      1500                                                                                                                                                                                              

14 rows selected.

SQL> SELECT SAL*12-SAL=SAL-SAL*20/100
  2  FROM EMP;
SELECT SAL*12-SAL=SAL-SAL*20/100
                 *
ERROR at line 1:
ORA-00923: FROM keyword not found where expected 


SQL> SELECT (SAL*12)-(SAL*20/100)
  2  FROM EMP;

(SAL*12)-(SAL*20/100)                                                                                                                                                                                   
---------------------                                                                                                                                                                                   
                 9440                                                                                                                                                                                   
                18880                                                                                                                                                                                   
                14750                                                                                                                                                                                   
                35105                                                                                                                                                                                   
                14750                                                                                                                                                                                   
                33630                                                                                                                                                                                   
                28910                                                                                                                                                                                   
                35400                                                                                                                                                                                   
                59000                                                                                                                                                                                   
                17700                                                                                                                                                                                   
                12980                                                                                                                                                                                   
                11210                                                                                                                                                                                   
                35400                                                                                                                                                                                   
                15340                                                                                                                                                                                   

14 rows selected.

SQL> SELECT SAL+COMM
  2  FROM EMP;

  SAL+COMM                                                                                                                                                                                              
----------                                                                                                                                                                                              
                                                                                                                                                                                                        
      1900                                                                                                                                                                                              
      1750                                                                                                                                                                                              
                                                                                                                                                                                                        
      2650                                                                                                                                                                                              
                                                                                                                                                                                                        
                                                                                                                                                                                                        
                                                                                                                                                                                                        
                                                                                                                                                                                                        
      1500                                                                                                                                                                                              
                                                                                                                                                                                                        
                                                                                                                                                                                                        
                                                                                                                                                                                                        
                                                                                                                                                                                                        

14 rows selected.

SQL> SELECT ENAME,SAL+COMM
  2  FROM EMP;

ENAME        SAL+COMM                                                                                                                                                                                   
---------- ----------                                                                                                                                                                                   
SMITH                                                                                                                                                                                                   
ALLEN            1900                                                                                                                                                                                   
WARD             1750                                                                                                                                                                                   
JONES                                                                                                                                                                                                   
MARTIN           2650                                                                                                                                                                                   
BLAKE                                                                                                                                                                                                   
CLARK                                                                                                                                                                                                   
SCOTT                                                                                                                                                                                                   
KING                                                                                                                                                                                                    
TURNER           1500                                                                                                                                                                                   
ADAMS                                                                                                                                                                                                   
JAMES                                                                                                                                                                                                   
FORD                                                                                                                                                                                                    
MILLER                                                                                                                                                                                                  

14 rows selected.

SQL> SELECT SAL+NVL(COMM,0)
  2  FROM EMP;

SAL+NVL(COMM,0)                                                                                                                                                                                         
---------------                                                                                                                                                                                         
            800                                                                                                                                                                                         
           1900                                                                                                                                                                                         
           1750                                                                                                                                                                                         
           2975                                                                                                                                                                                         
           2650                                                                                                                                                                                         
           2850                                                                                                                                                                                         
           2450                                                                                                                                                                                         
           3000                                                                                                                                                                                         
           5000                                                                                                                                                                                         
           1500                                                                                                                                                                                         
           1100                                                                                                                                                                                         
            950                                                                                                                                                                                         
           3000                                                                                                                                                                                         
           1300                                                                                                                                                                                         

14 rows selected.

SQL> SELECT *
  2  FROM EMP;

     EMPNO ENAME      JOB              MGR HIREDATE         SAL       COMM     DEPTNO                                                                                                                   
---------- ---------- --------- ---------- --------- ---------- ---------- ----------                                                                                                                   
      7369 SMITH      CLERK           7902 17-DEC-80        800                    20                                                                                                                   
      7499 ALLEN      SALESMAN        7698 20-FEB-81       1600        300         30                                                                                                                   
      7521 WARD       SALESMAN        7698 22-FEB-81       1250        500         30                                                                                                                   
      7566 JONES      MANAGER         7839 02-APR-81       2975                    20                                                                                                                   
      7654 MARTIN     SALESMAN        7698 28-SEP-81       1250       1400         30                                                                                                                   
      7698 BLAKE      MANAGER         7839 01-MAY-81       2850                    30                                                                                                                   
      7782 CLARK      MANAGER         7839 09-JUN-81       2450                    10                                                                                                                   
      7788 SCOTT      ANALYST         7566 19-APR-87       3000                    20                                                                                                                   
      7839 KING       PRESIDENT            17-NOV-81       5000                    10                                                                                                                   
      7844 TURNER     SALESMAN        7698 08-SEP-81       1500          0         30                                                                                                                   
      7876 ADAMS      CLERK           7788 23-MAY-87       1100                    20                                                                                                                   
      7900 JAMES      CLERK           7698 03-DEC-81        950                    30                                                                                                                   
      7902 FORD       ANALYST         7566 03-DEC-81       3000                    20                                                                                                                   
      7934 MILLER     CLERK           7782 23-JAN-82       1300                    10                                                                                                                   

14 rows selected.

SQL> SELECT *,SAL*12
  2  FROM EMP;
SELECT *,SAL*12
        *
ERROR at line 1:
ORA-00923: FROM keyword not found where expected 


SQL> SELECT *+(SAL*12)
  2  FROM EMP;
SELECT *+(SAL*12)
        *
ERROR at line 1:
ORA-00923: FROM keyword not found where expected 


SQL> SELECY EMP.*,SAL*12
SP2-0734: unknown command beginning "SELECY EMP..." - rest of line ignored.
SQL> FROM EMP;
SP2-0042: unknown command "FROM EMP" - rest of line ignored.
SQL> SELECT EMP.*,SAL*12
  2  FROM EMP;

     EMPNO ENAME      JOB              MGR HIREDATE         SAL       COMM     DEPTNO     SAL*12                                                                                                        
---------- ---------- --------- ---------- --------- ---------- ---------- ---------- ----------                                                                                                        
      7369 SMITH      CLERK           7902 17-DEC-80        800                    20       9600                                                                                                        
      7499 ALLEN      SALESMAN        7698 20-FEB-81       1600        300         30      19200                                                                                                        
      7521 WARD       SALESMAN        7698 22-FEB-81       1250        500         30      15000                                                                                                        
      7566 JONES      MANAGER         7839 02-APR-81       2975                    20      35700                                                                                                        
      7654 MARTIN     SALESMAN        7698 28-SEP-81       1250       1400         30      15000                                                                                                        
      7698 BLAKE      MANAGER         7839 01-MAY-81       2850                    30      34200                                                                                                        
      7782 CLARK      MANAGER         7839 09-JUN-81       2450                    10      29400                                                                                                        
      7788 SCOTT      ANALYST         7566 19-APR-87       3000                    20      36000                                                                                                        
      7839 KING       PRESIDENT            17-NOV-81       5000                    10      60000                                                                                                        
      7844 TURNER     SALESMAN        7698 08-SEP-81       1500          0         30      18000                                                                                                        
      7876 ADAMS      CLERK           7788 23-MAY-87       1100                    20      13200                                                                                                        
      7900 JAMES      CLERK           7698 03-DEC-81        950                    30      11400                                                                                                        
      7902 FORD       ANALYST         7566 03-DEC-81       3000                    20      36000                                                                                                        
      7934 MILLER     CLERK           7782 23-JAN-82       1300                    10      15600                                                                                                        

14 rows selected.

SQL> SELECT SAL*12 AS "ANNUAL SALARY"
  2  FROM EMP;

ANNUAL SALARY                                                                                                                                                                                           
-------------                                                                                                                                                                                           
         9600                                                                                                                                                                                           
        19200                                                                                                                                                                                           
        15000                                                                                                                                                                                           
        35700                                                                                                                                                                                           
        15000                                                                                                                                                                                           
        34200                                                                                                                                                                                           
        29400                                                                                                                                                                                           
        36000                                                                                                                                                                                           
        60000                                                                                                                                                                                           
        18000                                                                                                                                                                                           
        13200                                                                                                                                                                                           
        11400                                                                                                                                                                                           
        36000                                                                                                                                                                                           
        15600                                                                                                                                                                                           

14 rows selected.

SQL> SELECT SAL*12 AS ANNUAL
  2  FROM
  3  ;

*
ERROR at line 3:
ORA-00903: invalid table name 


SQL> SELECT SAL*12 AS ANNUAL_SAL
  2  FROM EMP;

ANNUAL_SAL                                                                                                                                                                                              
----------                                                                                                                                                                                              
      9600                                                                                                                                                                                              
     19200                                                                                                                                                                                              
     15000                                                                                                                                                                                              
     35700                                                                                                                                                                                              
     15000                                                                                                                                                                                              
     34200                                                                                                                                                                                              
     29400                                                                                                                                                                                              
     36000                                                                                                                                                                                              
     60000                                                                                                                                                                                              
     18000                                                                                                                                                                                              
     13200                                                                                                                                                                                              
     11400                                                                                                                                                                                              
     36000                                                                                                                                                                                              
     15600                                                                                                                                                                                              

14 rows selected.

SQL> SELECT SAL*12 "ANNUAL SALARY"
  2  FROM EMP;

ANNUAL SALARY                                                                                                                                                                                           
-------------                                                                                                                                                                                           
         9600                                                                                                                                                                                           
        19200                                                                                                                                                                                           
        15000                                                                                                                                                                                           
        35700                                                                                                                                                                                           
        15000                                                                                                                                                                                           
        34200                                                                                                                                                                                           
        29400                                                                                                                                                                                           
        36000                                                                                                                                                                                           
        60000                                                                                                                                                                                           
        18000                                                                                                                                                                                           
        13200                                                                                                                                                                                           
        11400                                                                                                                                                                                           
        36000                                                                                                                                                                                           
        15600                                                                                                                                                                                           

14 rows selected.

SQL> SELECT SAL*12 ANNUAL_SALARY
  2  FROM EMP;

ANNUAL_SALARY                                                                                                                                                                                           
-------------                                                                                                                                                                                           
         9600                                                                                                                                                                                           
        19200                                                                                                                                                                                           
        15000                                                                                                                                                                                           
        35700                                                                                                                                                                                           
        15000                                                                                                                                                                                           
        34200                                                                                                                                                                                           
        29400                                                                                                                                                                                           
        36000                                                                                                                                                                                           
        60000                                                                                                                                                                                           
        18000                                                                                                                                                                                           
        13200                                                                                                                                                                                           
        11400                                                                                                                                                                                           
        36000                                                                                                                                                                                           
        15600                                                                                                                                                                                           

14 rows selected.

SQL> SELECT *
  2  FROM EMP
  3  WHERE DEPT 20;
WHERE DEPT 20
           *
ERROR at line 3:
ORA-00920: invalid relational operator 


SQL> ED
Wrote file afiedt.buf

  1  SELECT *
  2  FROM EMP
  3* WHERE DEPTNO=20
SQL> /

     EMPNO ENAME      JOB              MGR HIREDATE         SAL       COMM     DEPTNO                                                                                                                   
---------- ---------- --------- ---------- --------- ---------- ---------- ----------                                                                                                                   
      7369 SMITH      CLERK           7902 17-DEC-80        800                    20                                                                                                                   
      7566 JONES      MANAGER         7839 02-APR-81       2975                    20                                                                                                                   
      7788 SCOTT      ANALYST         7566 19-APR-87       3000                    20                                                                                                                   
      7876 ADAMS      CLERK           7788 23-MAY-87       1100                    20                                                                                                                   
      7902 FORD       ANALYST         7566 03-DEC-81       3000                    20                                                                                                                   

SQL> SELECT *
  2  FROM EMP
  3  WHERE JOB='SALESMAN';

     EMPNO ENAME      JOB              MGR HIREDATE         SAL       COMM     DEPTNO                                                                                                                   
---------- ---------- --------- ---------- --------- ---------- ---------- ----------                                                                                                                   
      7499 ALLEN      SALESMAN        7698 20-FEB-81       1600        300         30                                                                                                                   
      7521 WARD       SALESMAN        7698 22-FEB-81       1250        500         30                                                                                                                   
      7654 MARTIN     SALESMAN        7698 28-SEP-81       1250       1400         30                                                                                                                   
      7844 TURNER     SALESMAN        7698 08-SEP-81       1500          0         30                                                                                                                   

SQL> SELECT *
  2  FROM EMP
  3  WHERE SAL=2000;

no rows selected

SQL> ED
Wrote file afiedt.buf

  1  SELECT *
  2  FROM EMP
  3* WHERE SAL>2000
SQL> /

     EMPNO ENAME      JOB              MGR HIREDATE         SAL       COMM     DEPTNO                                                                                                                   
---------- ---------- --------- ---------- --------- ---------- ---------- ----------                                                                                                                   
      7566 JONES      MANAGER         7839 02-APR-81       2975                    20                                                                                                                   
      7698 BLAKE      MANAGER         7839 01-MAY-81       2850                    30                                                                                                                   
      7782 CLARK      MANAGER         7839 09-JUN-81       2450                    10                                                                                                                   
      7788 SCOTT      ANALYST         7566 19-APR-87       3000                    20                                                                                                                   
      7839 KING       PRESIDENT            17-NOV-81       5000                    10                                                                                                                   
      7902 FORD       ANALYST         7566 03-DEC-81       3000                    20                                                                                                                   

6 rows selected.

SQL> SELECT 'MR '||ENAME
  2  FROM EMP;

'MR'||ENAME                                                                                                                                                                                             
-------------                                                                                                                                                                                           
MR SMITH                                                                                                                                                                                                
MR ALLEN                                                                                                                                                                                                
MR WARD                                                                                                                                                                                                 
